$jscomp$scope$84173391$0$PENDING:rh
$jscomp$scope$84173391$1$RESOLVED:Bh
$jscomp$scope$84173391$10$defaultResolveBindHandler:Ih
$jscomp$scope$84173391$11$defaultRejectHandler:Jh
$jscomp$scope$84173391$12$CancellationError:Kh
$jscomp$scope$84173391$13$PromiseImpl:xh
$jscomp$scope$84173391$14$nextTick:Eh
$jscomp$scope$84173391$18$isFunction:yh
$jscomp$scope$84173391$2$REJECTED:Ch
$jscomp$scope$84173391$23$completeDeferredFn:Fh
$jscomp$scope$84173391$24$process:Dh
$jscomp$scope$84173391$25$processNextTick:th
$jscomp$scope$84173391$26$resolveTask:uh
$jscomp$scope$84173391$27$transition:ph
$jscomp$scope$84173391$28$NULL_PROMISE:Mh
$jscomp$scope$84173391$3$QUEUE:Ah
$jscomp$scope$84173391$4$STATE:qh
$jscomp$scope$84173391$5$VALUE:sh
$jscomp$scope$84173391$6$RESOLVE_TYPE_FLATTEN:wh
$jscomp$scope$84173391$7$RESOLVE_TYPE_BIND:zh
$jscomp$scope$84173391$8$RESOLVE_TYPE_MAP:vh
$jscomp$scope$84173391$9$defaultResolveMapHandler:Gh
G__26399$jscomp$inline_686:Uh
JSCompiler_StaticMethods_assoc_BANG_:sf
JSCompiler_StaticMethods_cljs$core$IMultiFn$_add_method$arity$3:rg
JSCompiler_StaticMethods_cljs$core$IMultiFn$_get_method$arity$2:qg
JSCompiler_StaticMethods_fbind:Lh
JSCompiler_StaticMethods_sval:bd
JSCompiler_inline_result$jscomp$143:Th
JSCompiler_prototypeAlias:g
JSCompiler_temp_const$jscomp$141:Sh
JSCompiler_temp_const$jscomp$142:Rh
L 0:a
L 1:b
L 10:n
L 11:p
L 12:q
L 13:r
L 14:t
L 15:v
L 16:u
L 17:C
L 18:E
L 19:J
L 2:c
L 20:P
L 21:da
L 22:Bc
L 3:d
L 4:f
L 5:e
L 6:h
L 7:k
L 8:l
L 9:m
app$core$app:Qh
app$core$init:Vh
cached_hierarchy__5645__auto__$jscomp$inline_928:ng
cljs$core$ArrayChunk:dd
cljs$core$ArrayNode:Me
cljs$core$ArrayNodeIterator:Qe
cljs$core$ArrayNodeSeq:Xe
cljs$core$Atom:Bd
cljs$core$BitmapIndexedNode:Ie
cljs$core$BitmapIndexedNode$EMPTY:Le
cljs$core$Box:De
cljs$core$ChunkBuffer:cd
cljs$core$ChunkedCons:ed
cljs$core$ChunkedSeq:ae
cljs$core$Cons:Xc
cljs$core$ES6EntriesIterator:le
cljs$core$ES6Iterator:Vb
cljs$core$ES6IteratorSeq:Xb
cljs$core$EmptyList:Vc
cljs$core$HashCollisionNode:Ue
cljs$core$HashMapIter:Ze
cljs$core$IAssociative:Ra
cljs$core$ICollection:Fa
cljs$core$ICounted:Ba
cljs$core$IEmptyableCollection:Da
cljs$core$IEncodeClojure:Tf
cljs$core$IEncodeJS:Of
cljs$core$IIndexed:Ha
cljs$core$IIndexed$_nth$dyn_21790:Ja
cljs$core$IIterable:Bb
cljs$core$IKVReduce:eb
cljs$core$IList:lb
cljs$core$ILookup:Oa
cljs$core$ILookup$_lookup$dyn_21796:Qa
cljs$core$IMap:Ua
cljs$core$IMeta:Za
cljs$core$INext:Ma
cljs$core$IPrintWithWriter:nb
cljs$core$IRecord:mb
cljs$core$IReduce:bb
cljs$core$IReduce$_reduce$dyn_21816:db
cljs$core$ISeq:Ka
cljs$core$ISeqable:ib
cljs$core$ISequential:kb
cljs$core$ISet:Xa
cljs$core$ISwap$_swap_BANG_$dyn_21916:Ab
cljs$core$ITER_SYMBOL:wa
cljs$core$IVector:Ya
cljs$core$IndexedSeq:N
cljs$core$IndexedSeqIterator:lc
cljs$core$KeySeq:uf
cljs$core$Keyword:I
cljs$core$LazySeq:ad
cljs$core$List:qc
cljs$core$List$EMPTY:Q
cljs$core$MapEntry:ne
cljs$core$MetaFn:vc
cljs$core$MultiFn:ig
cljs$core$NeverEquiv:ie
cljs$core$NodeIterator:He
cljs$core$NodeSeq:Ve
cljs$core$PROTOCOL_SENTINEL:x
cljs$core$PersistentArrayMap:ma
cljs$core$PersistentArrayMap$EMPTY:vd
cljs$core$PersistentArrayMap$HASHMAP_THRESHOLD:ue
cljs$core$PersistentArrayMap$createAsIfByAssoc:uc
cljs$core$PersistentArrayMap$createAsIfByAssocComplexPath:ze
cljs$core$PersistentArrayMapIterator:qe
cljs$core$PersistentArrayMapSeq:pe
cljs$core$PersistentHashMap:$e
cljs$core$PersistentHashMap$EMPTY:ve
cljs$core$PersistentHashMap$fromArrays:bf
cljs$core$PersistentQueue:ge
cljs$core$PersistentQueue$EMPTY:he
cljs$core$PersistentQueueIter:ee
cljs$core$PersistentQueueSeq:fe
cljs$core$PersistentVector:Y
cljs$core$PersistentVector$EMPTY:pc
cljs$core$PersistentVector$EMPTY_NODE:$d
cljs$core$RangedIterator:Sd
cljs$core$Reduced:bc
cljs$core$Repeat:Gd
cljs$core$StringBufferWriter:Db
cljs$core$Symbol:H
cljs$core$TransientArrayMap:te
cljs$core$TransientHashMap:af
cljs$core$TransientVector:Vd
cljs$core$UUID:sg
cljs$core$ValSeq:vf
cljs$core$Var:Qb
cljs$core$VectorNode:Kd
cljs$core$_EQ_:K
cljs$core$_STAR_print_level_STAR_:ka
cljs$core$__destructure_map:ud
cljs$core$_as_transient:pb
cljs$core$_assoc:Ta
cljs$core$_assoc_BANG_:sb
cljs$core$_chunked_first:ub
cljs$core$_chunked_rest:vb
cljs$core$_clj__GT_js:Pf
cljs$core$_conj:Ga
cljs$core$_conj_BANG_:qb
cljs$core$_contains_key_QMARK_:Sa
cljs$core$_count:Ca
cljs$core$_deref:F
cljs$core$_drop_first:tb
cljs$core$_empty:Ea
cljs$core$_equiv:gb
cljs$core$_first:D
cljs$core$_global_hierarchy:Xf
cljs$core$_hash:hb
cljs$core$_indexOf$cljs$0core$0IFn$0_invoke$0arity$03:S
cljs$core$_iterator:Cb
cljs$core$_js__GT_clj:Uf
cljs$core$_key:Va
cljs$core$_kv_reduce:fb
cljs$core$_lastIndexOf$cljs$0core$0IFn$0_invoke$0arity$03:U
cljs$core$_lookup:Pa
cljs$core$_meta:$a
cljs$core$_name:wb
cljs$core$_namespace:xb
cljs$core$_next:Na
cljs$core$_nth:Ia
cljs$core$_persistent_BANG_:rb
cljs$core$_pr_writer:ob
cljs$core$_reduce:cb
cljs$core$_reset_BANG_:yb
cljs$core$_rest:La
cljs$core$_seq:jb
cljs$core$_swap_BANG_:zb
cljs$core$_val:Wa
cljs$core$_with_meta:ab
cljs$core$_write:G
cljs$core$aclone:xa
cljs$core$apply:Rb
cljs$core$apply$cljs$0core$0IFn$0_invoke$0arity$02:qd
cljs$core$apply$cljs$0core$0IFn$0_invoke$0arity$03:rd
cljs$core$apply$cljs$0core$0IFn$0_invoke$0arity$05:sd
cljs$core$apply$cljs$0core$0IFn$0_invoke$0arity$0variadic:td
cljs$core$apply_to:kd
cljs$core$apply_to_simple$cljs$0core$0IFn$0_invoke$0arity$03:md
cljs$core$apply_to_simple$cljs$0core$0IFn$0_invoke$0arity$04:nd
cljs$core$apply_to_simple$cljs$0core$0IFn$0_invoke$0arity$05:od
cljs$core$apply_to_simple$cljs$0core$0IFn$0_invoke$0arity$06:pd
cljs$core$array_QMARK_:sa
cljs$core$array__GT_transient_hash_map:Ce
cljs$core$array_copy:Fc
cljs$core$array_for:Qd
cljs$core$array_index_of:me
cljs$core$array_map:tf
cljs$core$array_reduce$cljs$0core$0IFn$0_invoke$0arity$02:ec
cljs$core$array_reduce$cljs$0core$0IFn$0_invoke$0arity$03:fc
cljs$core$array_reduce$cljs$0core$0IFn$0_invoke$0arity$04:gc
cljs$core$assoc:tc
cljs$core$bit_count:Tc
cljs$core$boolean$0:Hc
cljs$core$bounded_count:hd
cljs$core$char_escapes:Cf
cljs$core$chunk_append:gd
cljs$core$chunk_cons:fd
cljs$core$chunked_seq:Zd
cljs$core$chunked_seq$cljs$0core$0IFn$0_invoke$0arity$04:Yd
cljs$core$chunked_seq$cljs$0core$0IFn$0_invoke$0arity$05:be
cljs$core$chunked_seq_QMARK_:Ec
cljs$core$clj__GT_js:Rf
cljs$core$clone_and_set$cljs$0core$0IFn$0_invoke$0arity$03:Ee
cljs$core$coll_QMARK_:yc
cljs$core$concat:jd
cljs$core$conj:oc
cljs$core$cons:V
cljs$core$contains_QMARK_:Jc
cljs$core$count:T
cljs$core$counted_QMARK_:hc
cljs$core$create_array_node_seq:Se
cljs$core$create_array_node_seq$cljs$0core$0IFn$0_invoke$0arity$01:Re
cljs$core$create_array_node_seq$cljs$0core$0IFn$0_invoke$0arity$03:Ye
cljs$core$create_inode_seq:Ke
cljs$core$create_inode_seq$cljs$0core$0IFn$0_invoke$0arity$01:Je
cljs$core$create_inode_seq$cljs$0core$0IFn$0_invoke$0arity$03:We
cljs$core$create_node:Oe
cljs$core$create_node$cljs$0core$0IFn$0_invoke$0arity$06:Pe
cljs$core$create_node$cljs$0core$0IFn$0_invoke$0arity$07:Ne
cljs$core$deref:dc
cljs$core$do_assoc:Rd
cljs$core$doall$cljs$0core$0IFn$0_invoke$0arity$01:xf
cljs$core$dominates:fg
cljs$core$drop$cljs$0core$0IFn$0_invoke$0arity$02:Fd
cljs$core$edit_and_set$cljs$0core$0IFn$0_invoke$0arity$04:Fe
cljs$core$empty:rc
cljs$core$empty_ordered_hash:Zb
cljs$core$empty_unordered_hash:ac
cljs$core$equiv_map:ke
cljs$core$equiv_sequential:mc
cljs$core$es6_iterator:Wb
cljs$core$es6_iterator_seq:Tb
cljs$core$every_QMARK_:xd
cljs$core$find_and_cache_best_method:gg
cljs$core$first:O
cljs$core$get:Ob
cljs$core$get_global_hierarchy:Yf
cljs$core$hash:Mb
cljs$core$hash_collision_node_find_index:Te
cljs$core$hash_ordered_coll:Yb
cljs$core$hash_string:Lb
cljs$core$hash_symbol:Nb
cljs$core$hash_unordered_coll:$b
cljs$core$identity:Qc
cljs$core$imul:Fb
cljs$core$indexed_QMARK_:ic
cljs$core$inode_kv_reduce:Ge
cljs$core$integer_QMARK_:Ic
cljs$core$interleave:Hd
cljs$core$into$cljs$0core$0IFn$0_invoke$0arity$02:Id
cljs$core$into$cljs$0core$0IFn$0_invoke$0arity$03:Jd
cljs$core$into_array$cljs$0core$0IFn$0_invoke$0arity$02:ya
cljs$core$isa_QMARK_$cljs$0core$0IFn$0_invoke$0arity$03:bg
cljs$core$iter_reduce$cljs$0core$0IFn$0_invoke$0arity$02:Mc
cljs$core$iter_reduce$cljs$0core$0IFn$0_invoke$0arity$03:Nc
cljs$core$iterable_QMARK_:Sb
cljs$core$js__GT_clj$cljs$0core$0IFn$0_invoke$0arity$0variadic:Vf
cljs$core$key:Ae
cljs$core$key__GT_js$cljs$0core$0IFn$0_invoke$0arity$02:Qf
cljs$core$key_test:we
cljs$core$keys:re
cljs$core$keyword:Zc
cljs$core$lift_ns:Lf
cljs$core$linear_traversal_nth$cljs$0core$0IFn$0_invoke$0arity$03:sc
cljs$core$list:Wc
cljs$core$list_QMARK_:Uc
cljs$core$lookup_sentinel:Gc
cljs$core$m3_fmix:Ib
cljs$core$m3_mix_H1:Hb
cljs$core$m3_mix_K1:Gb
cljs$core$map:X
cljs$core$map_QMARK_:Ac
cljs$core$map_entry_QMARK_:oe
cljs$core$merge$cljs$0core$0IFn$0_invoke$0arity$0variadic:wf
cljs$core$meta:xc
cljs$core$missing_protocol:A
cljs$core$name:$c
cljs$core$namespace:Yc
cljs$core$native_satisfies_QMARK_:z
cljs$core$never_equiv:je
cljs$core$new_path:Nd
cljs$core$next:R
cljs$core$next_STAR_:ld
cljs$core$not:ta
cljs$core$nth:kc
cljs$core$nth$cljs$0core$0IFn$0_invoke$0arity$02:jc
cljs$core$nth$cljs$0core$0IFn$0_invoke$0arity$03:W
cljs$core$pam_grow_seed_array:ye
cljs$core$pam_new_size:xe
cljs$core$parents$cljs$0core$0IFn$0_invoke$0arity$01:cg
cljs$core$partial$cljs$0core$0IFn$0_invoke$0arity$02:zd
cljs$core$pr_opts:la
cljs$core$pr_sequential_writer:zf
cljs$core$pr_str_STAR_:Eb
cljs$core$pr_str_with_opts:Jf
cljs$core$pr_writer:Z
cljs$core$pr_writer_impl:Ff
cljs$core$prefers_STAR_:eg
cljs$core$prim_seq$cljs$0core$0IFn$0_invoke$0arity$02:nc
cljs$core$print_map:Gf
cljs$core$print_meta_QMARK_:Ef
cljs$core$print_prefix_map:Mf
cljs$core$push_tail:Od
cljs$core$pv_fresh_node:Ld
cljs$core$pv_reduce$cljs$0core$0IFn$0_invoke$0arity$04:Td
cljs$core$pv_reduce$cljs$0core$0IFn$0_invoke$0arity$05:Ud
cljs$core$quot:Sc
cljs$core$quote_string:Df
cljs$core$re_matches:yf
cljs$core$record_QMARK_:Cc
cljs$core$reduce:Aa
cljs$core$reduce$cljs$0core$0IFn$0_invoke$0arity$02:Oc
cljs$core$reduce$cljs$0core$0IFn$0_invoke$0arity$03:za
cljs$core$reduce_kv:Pc
cljs$core$reduced_QMARK_:cc
cljs$core$reset_BANG_:Cd
cljs$core$reset_cache:dg
cljs$core$rest:Ub
cljs$core$seq:M
cljs$core$seq_reduce$cljs$0core$0IFn$0_invoke$0arity$02:Kc
cljs$core$seq_reduce$cljs$0core$0IFn$0_invoke$0arity$03:Lc
cljs$core$sequential_QMARK_:zc
cljs$core$some:yd
cljs$core$spread:id
cljs$core$str:B
cljs$core$string_hash_cache:Jb
cljs$core$string_hash_cache_count:Kb
cljs$core$strip_ns:Kf
cljs$core$swap_BANG_:Dd
cljs$core$symbol:Pb
cljs$core$t_cljs$0core20387:wd
cljs$core$tail_off:Md
cljs$core$take$cljs$0core$0IFn$0_invoke$0arity$02:Ed
cljs$core$throw_no_method_error:hg
cljs$core$transduce$cljs$0core$0IFn$0_invoke$0arity$04:Rc
cljs$core$truth_:y
cljs$core$tv_editable_root:Wd
cljs$core$tv_editable_tail:Xd
cljs$core$tv_ensure_editable:ce
cljs$core$tv_push_tail:de
cljs$core$type:ua
cljs$core$type__GT_str:va
cljs$core$unchecked_array_for:Pd
cljs$core$val:Be
cljs$core$vals:se
cljs$core$vector_QMARK_:Dc
cljs$core$with_meta:wc
cljs$core$write_all$cljs$0core$0IFn$0_invoke$0arity$0variadic:Bf
cljs$cst$0$flush_on_newline:na
cljs$cst$1$readably:oa
cljs$cst$105$more_marker:Af
cljs$cst$106$alt_impl:Hf
cljs$cst$107$fallback_impl:If
cljs$cst$108$val:Nf
cljs$cst$126$keyword_fn:Sf
cljs$cst$127$keywordize_keys:Wf
cljs$cst$128$parents:Zf
cljs$cst$129$descendants:$f
cljs$cst$130$ancestors:ag
cljs$cst$138$uuid:xg
cljs$cst$14$s:qf
cljs$cst$166$ns:df
cljs$cst$178$children:Bg
cljs$cst$2$meta:pa
cljs$cst$202$nil:tg
cljs$cst$203$string:vg
cljs$cst$204$strable:Cg
cljs$cst$205$vector:Gg
cljs$cst$206$list:Lg
cljs$cst$207$map:Fg
cljs$cst$208$set:Mg
cljs$cst$209$hierarchy:zg
cljs$cst$210$default:pg
cljs$cst$214$file:ff
cljs$cst$215$line:jf
cljs$cst$222$column:hf
cljs$cst$223$end_line:kf
cljs$cst$224$end_column:gf
cljs$cst$257$inst:Dg
cljs$cst$258$queue:Ng
cljs$cst$259$js:wg
cljs$cst$260$cljs_DOT_core_SLASH_into:Hg
cljs$cst$261$cljs_DOT_core_DOT_PersistentQueue_DOT_EMPTY:Jg
cljs$cst$262$cljs_DOT_reader_SLASH_read_date:Eg
cljs$cst$263$private:cf
cljs$cst$264$name:ef
cljs$cst$265$arglists:lf
cljs$cst$266$doc:mf
cljs$cst$267$test:nf
cljs$cst$268$cljs_DOT_reader:of
cljs$cst$269$read_date:pf
cljs$cst$282$slug:Kg
cljs$cst$283$url:Ag
cljs$cst$284$headers:Ig
cljs$cst$285$Content_Type:Og
cljs$cst$286$method:ug
cljs$cst$287$body:yg
cljs$cst$3$dup:qa
cljs$cst$4$print_length:ra
cljs$reader$check:eh
cljs$reader$days_in_month:bh
cljs$reader$parse_and_validate_timestamp:fh
cljs$reader$parse_int:dh
cljs$reader$read_date:rf
cljs$reader$timestamp_regex:ch
cljs$tagged_literals$JSValue:hh
cljs$tagged_literals$valid_js_literal_key_QMARK_:gh
cljs$tools$reader$impl$inspect$dispatch_inspect:og
cljs$tools$reader$impl$inspect$inspect_STAR_:Ad
cljs$tools$reader$impl$inspect$inspect_STAR__col:ah
cur$jscomp$inline_941:Xh
goog$UID_PROPERTY_:ea
goog$getUid:ca
goog$global:aa
goog$isObject:ba
goog$string$StringBuffer:ja
goog$typeOf:w
goog$uidCounter_:fa
helix$core$extract_cljs_props:Yg
helix$core$jsx:Wg
helix$core$jsxs:Xg
helix$hooks$IStateUpdater:Zg
helix$hooks$use_state:$g
helix$impl$props$or_undefined:Pg
hierarchy__5646__auto__$jscomp$inline_929:jg
method_cache__5644__auto__$jscomp$inline_927:mg
method_table__5642__auto__$jscomp$inline_925:kg
module$contents$goog$object_get:ia
module$contents$goog$object_getKeys:ha
module$node_modules$react$index:Ug
module$node_modules$react$jsx_runtime:Vg
module$node_modules$react_dom$client:ih
part$jscomp$inline_942:Yh
parts$jscomp$inline_940:Wh
prefer_table__5643__auto__$jscomp$inline_926:lg
promesa$impl$extend_promise_BANG_:Ph
promesa$impl$promise$coerce:Oh
promesa$impl$promise$rejected:Nh
promesa$impl$promise$resolved:Hh
promesa$protocols$IPromise$_mcat$dyn_22795:kh
promesa$protocols$_cancelled_QMARK_:oh
promesa$protocols$_mcat:jh
promesa$protocols$_pending_QMARK_:mh
promesa$protocols$_promise:nh
promesa$protocols$_rejected_QMARK_:lh
shadow$js$files:Qg
shadow$js$jsRequire:Tg
shadow$js$nativeProvides:Rg
shadow$js$requireStack:Sg
